// Jest Snapshot v1, https://goo.gl/fbAQLP

exports[`test RotarySettings should render correctly 1`] = `
<body>
  <div />
  <div>
    <div
      class="ant-modal-root css-dev-only-do-not-override-hash"
    >
      <div
        class="ant-modal-mask"
      />
      <div
        class="ant-modal-wrap ant-modal-centered"
        tabindex="-1"
      >
        <div
          aria-labelledby="test-id"
          aria-modal="true"
          class="ant-modal css-dev-only-do-not-override-hash ant-zoom-appear ant-zoom-appear-prepare ant-zoom"
          role="dialog"
          style="width: 520px;"
        >
          <div
            style="outline: none;"
            tabindex="0"
          >
            <div
              class="ant-modal-content"
            >
              <button
                aria-label="Close"
                class="ant-modal-close"
                type="button"
              >
                <span
                  class="ant-modal-close-x"
                >
                  <span
                    aria-label="close"
                    class="anticon anticon-close ant-modal-close-icon"
                    role="img"
                  >
                    <svg
                      aria-hidden="true"
                      data-icon="close"
                      fill="currentColor"
                      fill-rule="evenodd"
                      focusable="false"
                      height="1em"
                      viewBox="64 64 896 896"
                      width="1em"
                    >
                      <path
                        d="M799.86 166.31c.02 0 .04.02.08.06l57.69 57.7c.04.03.05.05.06.08a.12.12 0 010 .06c0 .03-.02.05-.06.09L569.93 512l287.7 287.7c.04.04.05.06.06.09a.12.12 0 010 .07c0 .02-.02.04-.06.08l-57.7 57.69c-.03.04-.05.05-.07.06a.12.12 0 01-.07 0c-.03 0-.05-.02-.09-.06L512 569.93l-287.7 287.7c-.04.04-.06.05-.09.06a.12.12 0 01-.07 0c-.02 0-.04-.02-.08-.06l-57.69-57.7c-.04-.03-.05-.05-.06-.07a.12.12 0 010-.07c0-.03.02-.05.06-.09L454.07 512l-287.7-287.7c-.04-.04-.05-.06-.06-.09a.12.12 0 010-.07c0-.02.02-.04.06-.08l57.7-57.69c.03-.04.05-.05.07-.06a.12.12 0 01.07 0c.03 0 .05.02.09.06L512 454.07l287.7-287.7c.04-.04.06-.05.09-.06a.12.12 0 01.07 0z"
                      />
                    </svg>
                  </span>
                </span>
              </button>
              <div
                class="ant-modal-header"
              >
                <div
                  class="ant-modal-title"
                  id="test-id"
                >
                  Rotary Setup
                </div>
              </div>
              <div
                class="ant-modal-body"
              >
                <div
                  class="container"
                >
                  <div
                    class="table"
                  >
                    <div
                      class="title"
                    >
                      <label
                        for="rotary_mode"
                      >
                        Rotary
                      </label>
                    </div>
                    <div
                      class="control"
                    >
                      <button
                        aria-checked="false"
                        class="ant-switch switch css-dev-only-do-not-override-hash"
                        id="rotary_mode"
                        role="switch"
                        type="button"
                      >
                        <div
                          class="ant-switch-handle"
                        />
                        <span
                          class="ant-switch-inner"
                        >
                          <span
                            class="ant-switch-inner-checked"
                          />
                          <span
                            class="ant-switch-inner-unchecked"
                          />
                        </span>
                      </button>
                    </div>
                    <div
                      class="title"
                    >
                      <label
                        for="rotary_type"
                      >
                        Type
                      </label>
                    </div>
                    <div
                      class="control"
                    >
                      <div
                        aria-label="segmented control"
                        class="ant-segmented ant-segmented-disabled css-dev-only-do-not-override-hash"
                        id="rotary_type"
                        role="listbox"
                      >
                        <div
                          class="ant-segmented-group"
                        >
                          <label
                            class="ant-segmented-item ant-segmented-item-selected ant-segmented-item-disabled"
                          >
                            <input
                              checked=""
                              class="ant-segmented-item-input"
                              disabled=""
                              type="radio"
                            />
                            <div
                              aria-selected="true"
                              class="ant-segmented-item-label"
                              role="option"
                            >
                              <div
                                class="seg"
                              >
                                <svgr-url />
                                <div>
                                  Roller
                                </div>
                              </div>
                            </div>
                          </label>
                          <label
                            class="ant-segmented-item ant-segmented-item-disabled"
                          >
                            <input
                              class="ant-segmented-item-input"
                              disabled=""
                              type="radio"
                            />
                            <div
                              aria-selected="false"
                              class="ant-segmented-item-label"
                              role="option"
                            >
                              <div
                                class="seg"
                              >
                                <svgr-url />
                                <div>
                                  Chuck
                                </div>
                              </div>
                            </div>
                          </label>
                        </div>
                      </div>
                    </div>
                    <div
                      class="title"
                    >
                      <label
                        for="object_diameter"
                      >
                        Object Diameter
                      </label>
                    </div>
                    <div
                      class="control"
                    >
                      <div
                        class="input"
                      >
                        UnitInput: 
                        object_diameter
                        <p>
                          addonAfter: 
                          mm
                        </p>
                        <p>
                          precision: 
                          2
                        </p>
                        <input
                          disabled=""
                          id="object_diameter"
                          min="0"
                          value="133"
                        />
                      </div>
                    </div>
                    <div
                      class="title"
                    >
                      <label
                        for="circumference"
                      >
                        Circumference
                      </label>
                    </div>
                    <div
                      class="control"
                    >
                      <div
                        class="input"
                      >
                        UnitInput: 
                        circumference
                        <p>
                          addonAfter: 
                          mm
                        </p>
                        <p>
                          precision: 
                          4
                        </p>
                        <input
                          disabled=""
                          id="circumference"
                          min="0"
                          value="417.8318229274425"
                        />
                      </div>
                    </div>
                    <div
                      class="row"
                    >
                      <label
                        class="ant-checkbox-wrapper ant-checkbox-wrapper-disabled css-dev-only-do-not-override-hash"
                      >
                        <span
                          class="ant-checkbox ant-wave-target css-dev-only-do-not-override-hash ant-checkbox-disabled"
                        >
                          <input
                            class="ant-checkbox-input"
                            disabled=""
                            id="mirror"
                            type="checkbox"
                          />
                          <span
                            class="ant-checkbox-inner"
                          />
                        </span>
                        <span>
                          Mirror
                        </span>
                      </label>
                      <label
                        class="ant-checkbox-wrapper ant-checkbox-wrapper-disabled css-dev-only-do-not-override-hash"
                      >
                        <span
                          class="ant-checkbox ant-wave-target css-dev-only-do-not-override-hash ant-checkbox-disabled"
                        >
                          <input
                            class="ant-checkbox-input"
                            disabled=""
                            id="extend"
                            type="checkbox"
                          />
                          <span
                            class="ant-checkbox-inner"
                          />
                        </span>
                        <span>
                          Extend Workarea
                        </span>
                      </label>
                    </div>
                  </div>
                </div>
              </div>
              <div
                class="ant-modal-footer"
              >
                <button
                  class="ant-btn css-dev-only-do-not-override-hash ant-btn-default ant-btn-color-default ant-btn-variant-outlined"
                  type="button"
                >
                  <span>
                    Cancel
                  </span>
                </button>
                <button
                  class="ant-btn css-dev-only-do-not-override-hash ant-btn-primary ant-btn-color-primary ant-btn-variant-solid"
                  type="button"
                >
                  <span>
                    Save
                  </span>
                </button>
              </div>
            </div>
          </div>
          <div
            style="width: 0px; height: 0px; overflow: hidden; outline: none;"
            tabindex="0"
          />
        </div>
      </div>
    </div>
  </div>
</body>
`;
