// Jest Snapshot v1, https://goo.gl/fbAQLP

exports[`should render correctly 1`] = `
<div>
  <div
    class="react-draggable 123"
    style="transform: translate(0px,0px);"
  >
    <div
      class="handle 456"
    >
      Beam Studio
    </div>
    <div
      class="traffic-lights"
    >
      <div
        class="traffic-light traffic-light-close"
      />
    </div>
  </div>
</div>
`;
