// Jest Snapshot v1, https://goo.gl/fbAQLP

exports[`test Slider-Control should render correctly 1`] = `
<div>
  <div
    class="controls"
  >
    <div
      class="label pull-left"
    >
      Threshold
    </div>
    <div
      class="control pull-right unit-cm"
    >
      <div
        class="slider-container"
      >
        <input
          class="slider"
          max="100"
          min="0"
          step="2"
          type="range"
          value="0"
        />
      </div>
      <input
        id="abc"
        type="text"
        value="0"
      />
    </div>
  </div>
</div>
`;
