// Jest Snapshot v1, https://goo.gl/fbAQLP

exports[`test PulseWidthBlock should render correctly 1`] = `
<div>
  <div
    class="panel without-drag"
  >
    <span
      class="title"
    >
      Pulse Width
    </span>
    <div>
      MockUnitInput
      <p>
        min: 
        2
      </p>
      <p>
        max: 
        350
      </p>
      <p>
        unit: 
        ns
      </p>
      <p>
        defaultValue: 
        40
      </p>
      <p>
        decimal: 
        0
      </p>
      <p>
        displayMultiValue: 
        N
      </p>
      <input
        data-testid="pulseWidth"
        id="pulseWidth"
        type="number"
        value="40"
      />
    </div>
  </div>
</div>
`;

exports[`test PulseWidthBlock should render correctly when type is panel-item 1`] = `
<div>
  <div
    class="object-panel-item"
    id="pulseWidth"
  >
    <div
      class="main"
    >
      <button
        class="adm-button adm-button-default adm-button-fill-outline adm-button-mini adm-button-shape-rounded number-item"
        type="button"
      >
        <span>
          40
        </span>
      </button>
    </div>
    <div
      class="label"
    >
      Pulse Width
    </div>
  </div>
</div>
`;
