// Jest Snapshot v1, https://goo.gl/fbAQLP

exports[`test AdorModule should render correctly 1`] = `
<div>
  <div
    class="subtitle"
  >
    ador_modules
  </div>
  <div>
    Mock SelectControl
    <div>
      printer_advanced_mode
    </div>
    <div>
      print-advanced-mode
    </div>
    <div>
      <button
        type="button"
      >
        On
      </button>
      <button
        type="button"
      >
        Off
      </button>
    </div>
  </div>
  <div>
    Mock SelectControl
    <div>
      default_laser_module
    </div>
    <div>
      default-laser-module
    </div>
    <div>
      <button
        type="button"
      >
        laser_10w_diode
      </button>
      <button
        type="button"
      >
        laser_20w_diode
      </button>
    </div>
  </div>
  <div>
    <div>
      Mock Control
      Laser for Running Frame
    </div>
    <div>
      <input
        data-testid="low-power"
        id="low-power"
        type="number"
        value="3"
      />
    </div>
  </div>
  <div>
    <div>
      Mock Control
      module_offset_10w
    </div>
    <span
      class="font2"
      style="margin-right: 10px; line-height: 32px;"
    >
      X
    </span>
    <div>
      <input
        data-testid="10w-laser-x-offset"
        id="10w-laser-x-offset"
        type="number"
        value="10"
      />
    </div>
    <span
      class="font2"
      style="margin-right: 10px; line-height: 32px;"
    >
      Y
    </span>
    <div>
      <input
        data-testid="10w-laser-y-offset"
        id="10w-laser-y-offset"
        type="number"
        value="10"
      />
    </div>
  </div>
  <div>
    <div>
      Mock Control
      module_offset_20w
    </div>
    <span
      class="font2"
      style="margin-right: 10px; line-height: 32px;"
    >
      X
    </span>
    <div>
      <input
        data-testid="20w-laser-x-offset"
        id="20w-laser-x-offset"
        type="number"
        value="0"
      />
    </div>
    <span
      class="font2"
      style="margin-right: 10px; line-height: 32px;"
    >
      Y
    </span>
    <div>
      <input
        data-testid="20w-laser-y-offset"
        id="20w-laser-y-offset"
        type="number"
        value="0"
      />
    </div>
  </div>
  <div>
    <div>
      Mock Control
      module_offset_printer
    </div>
    <span
      class="font2"
      style="margin-right: 10px; line-height: 32px;"
    >
      X
    </span>
    <div>
      <input
        data-testid="printer-x-offset"
        id="printer-x-offset"
        type="number"
        value="0"
      />
    </div>
    <span
      class="font2"
      style="margin-right: 10px; line-height: 32px;"
    >
      Y
    </span>
    <div>
      <input
        data-testid="printer-y-offset"
        id="printer-y-offset"
        type="number"
        value="0"
      />
    </div>
  </div>
  <div>
    <div>
      Mock Control
      module_offset_2w_ir
    </div>
    <span
      class="font2"
      style="margin-right: 10px; line-height: 32px;"
    >
      X
    </span>
    <div>
      <input
        data-testid="2w-ir-laser-x-offset"
        id="2w-ir-laser-x-offset"
        type="number"
        value="0"
      />
    </div>
    <span
      class="font2"
      style="margin-right: 10px; line-height: 32px;"
    >
      Y
    </span>
    <div>
      <input
        data-testid="2w-ir-laser-y-offset"
        id="2w-ir-laser-y-offset"
        type="number"
        value="0"
      />
    </div>
  </div>
</div>
`;
