// Jest Snapshot v1, https://goo.gl/fbAQLP

exports[`should render correctly 1`] = `
<div>
  <div
    class="subtitle"
  >
    Camera
  </div>
  <div>
    mock-select-control id:
    set-camera-preview-speed-level
    label:
    Preview Movement Speed
    url:
    options:
    [{"value":1,"label":"Low","selected":true},{"value":2,"label":"Medium","selected":false},{"value":3,"label":"High","selected":false}]
    <input
      class="select-control"
    />
  </div>
  <div>
    mock-select-control id:
    set-enable-custom-preview-height
    label:
    Custom Preview Height
    url:
    options:
    [{"value":"TRUE","label":"On","selected":false},{"value":"FALSE","label":"Off","selected":true}]
    <input
      class="select-control"
    />
  </div>
  <div>
    mock-select-control id:
    set-keep-preview-result
    label:
    Keep Preview Result
    url:
    options:
    [{"value":"TRUE","label":"On","selected":false},{"value":"FALSE","label":"Off","selected":true}]
    <input
      class="select-control"
    />
  </div>
</div>
`;
