// Jest Snapshot v1, https://goo.gl/fbAQLP

exports[`should render correctly 1`] = `
<div>
  <div
    class="subtitle"
  >
    Text
  </div>
  <div>
    mock-select-control id:
    font-substitue
    label:
    Substitute Unsupported Characters
    url:
    https://support.flux3dp.com/hc/en-us/articles/360004496575
    options:
    [{"value":"TRUE","label":"On","selected":true},{"value":"FALSE","label":"Off","selected":false}]
    <input
      class="select-control"
    />
  </div>
  <div>
    mock-select-control id:
    font-convert
    label:
    Convert Text to Path
    url:
    https://support.flux3dp.com/hc/Convert-Text-to-Path
    options:
    [{"value":"1.0","label":"1.0","selected":true},{"value":"2.0","label":"2.0","selected":false}]
    <input
      class="select-control"
    />
  </div>
</div>
`;
