// Jest Snapshot v1, https://goo.gl/fbAQLP

exports[`test Connect-Wired should render correctly 1`] = `
<View
  className={
    Object {
      "initialization": true,
    }
  }
  content={
    <div
      className="connect-machine"
    >
      <div
        className="top-bar"
      />
      <div
        className="btn-page-container"
      >
        <div
          className="btn-page"
          onClick={[Function]}
        >
          Back
        </div>
        <div
          className="btn-page primary"
          onClick={[Function]}
        >
          Next
        </div>
      </div>
      <div
        className="connection-wired"
      >
        <div
          className="image-container"
        >
          <div
            className="hint-circle"
          />
          <img
            className="touch-panel-icon"
            draggable="false"
            src="img/init-panel/touch-panel-en.jpg"
          />
        </div>
        <div
          className="text-container"
        >
          <div
            className="title"
          >
            Connecting to Wired Network
          </div>
          <div
            className="contents tutorial"
          >
            <div>
              1. Connect the machine with your router.
            </div>
            <div>
              2. Press "Network" to get the wired network IP.
            </div>
          </div>
          <div
            className="contents what-if collapsed"
          >
            <div
              className="collapse-title"
              onClick={[Function]}
            >
              What if the IP is empty?
              <div
                className="collapse-arrow"
              />
            </div>
            <div
              className="collapse-contents"
            >
              1. Make sure the Ethernet Cable is fully plugged in.
2. If there is no MAC Address of the wired network on the touchscreen, please contact FLUX Support.
            </div>
          </div>
          <div
            className="contents what-if collapsed"
          >
            <div
              className="collapse-title"
              onClick={[Function]}
            >
              What if the IP starts with 169?
              <div
                className="collapse-arrow"
              />
            </div>
            <div
              className="collapse-contents"
            >
              1. If the IP address starts with 169.254, it should be a DHCP setting issue, please contact your ISP (internet service provider) for further assistance.
2. If your computer connects to the internet directly using PPPoE, please change to using the router to connect using PPPoE, and enable DHCP feature in the router.
            </div>
          </div>
        </div>
      </div>
    </div>
  }
  disabledEscapeOnBackground={false}
  onClose={[Function]}
  onOpen={[Function]}
/>
`;
