// Jest Snapshot v1, https://goo.gl/fbAQLP

exports[`should render correctly 1`] = `
<div
  className="operation"
>
  <div
    className="controls right disabled"
  >
    <div
      className="btn-camera btn-control"
    />
    <div
      className="description"
    >
      Camera
    </div>
  </div>
</div>
`;
