// Jest Snapshot v1, https://goo.gl/fbAQLP

exports[`should render correctly 1`] = `
<div>
  <div
    class="tool-panel"
  >
    <label
      class="controls accordion"
    >
      <input
        checked=""
        class="accordion-switcher"
        type="checkbox"
      />
      <p
        class="caption"
      >
        Possible Rotation
        <span
          class="value"
        >
          1
        </span>
      </p>
      <label
        class="accordion-body"
      >
        <div>
          <div
            class="control nest-rotations"
          >
            <div>
              mock-unit-input min:
              1
              defaultValue:
              1
              <input
                class="unit-input"
              />
            </div>
          </div>
        </div>
      </label>
    </label>
  </div>
</div>
`;

exports[`should render correctly 2`] = `
<div>
  <div
    class="tool-panel"
  >
    <label
      class="controls accordion"
    >
      <input
        checked=""
        class="accordion-switcher"
        type="checkbox"
      />
      <p
        class="caption"
      >
        Possible Rotation
        <span
          class="value"
        >
          2
        </span>
      </p>
      <label
        class="accordion-body"
      >
        <div>
          <div
            class="control nest-rotations"
          >
            <div>
              mock-unit-input min:
              1
              defaultValue:
              2
              <input
                class="unit-input"
              />
            </div>
          </div>
        </div>
      </label>
    </label>
  </div>
</div>
`;
