// Jest Snapshot v1, https://goo.gl/fbAQLP

exports[`test Boxgen should rendered correctly 1`] = `
<div>
  <div>
    <div>
      mobileTitle: 
      BOXGEN
    </div>
    <div>
      <div>
        <mock-box-selector />
        <div
          class="canvas"
        >
          <mock-canvas />
        </div>
      </div>
    </div>
    <div>
      <mock-box-controller />
      <div
        class="footer"
      >
        <mock-export-button />
      </div>
    </div>
    <div>
      <div
        class="sider"
      >
        <div
          class="back button"
        >
          Back to Beam Studio
        </div>
        <div
          class="header"
        >
          <div>
            title: 
            BOXGEN
          </div>
          <mock-box-selector />
        </div>
        <mock-box-controller />
        <div
          class="footer"
        >
          <mock-export-button />
        </div>
      </div>
      <div
        class="canvas"
      >
        <mock-canvas />
      </div>
    </div>
    <button
      type="button"
    >
      back
    </button>
  </div>
</div>
`;
